FILE_TYPE=LIBRARY_PARTS;
PRIMITIVE 'RR0816P_103_D','RR0816P_103_D_Other';
  PIN
    'R1':
      PIN_NUMBER='(1)';
      NO_LOAD_CHECK=BOTH;
      NO_IO_CHECK=BOTH;
      ALLOW_CONNECT=TRUE;
      PINUSE='UNSPEC';
    'R2':
      PIN_NUMBER='(2)';
      NO_LOAD_CHECK=BOTH;
      NO_IO_CHECK=BOTH;
      ALLOW_CONNECT=TRUE;
      PINUSE='UNSPEC';
  END_PIN;
  BODY
    PART_NAME='RR0816P_103_D';
    PHYS_DES_PREFIX='R';
    NO_LOAD_CHECK='TRUE';
    PIN_COUNT='2';
    BODY_NAME='RR0816P_103_D';
    JEDEC_TYPE='RESC1608X60N';
  END_BODY;
END_PRIMITIVE;
END.
