FILE_TYPE=LIBRARY_PARTS;
PRIMITIVE 'GRM31CR61A107MEA8L','GRM31CR61A107MEA8L_Other';
  PIN
    '1':
      PIN_NUMBER='(1)';
      NO_LOAD_CHECK=BOTH;
      NO_IO_CHECK=BOTH;
      ALLOW_CONNECT=TRUE;
      PINUSE='UNSPEC';
    '2':
      PIN_NUMBER='(2)';
      NO_LOAD_CHECK=BOTH;
      NO_IO_CHECK=BOTH;
      ALLOW_CONNECT=TRUE;
      PINUSE='UNSPEC';
  END_PIN;
  BODY
    PART_NAME='GRM31CR61A107MEA8L';
    PHYS_DES_PREFIX='C';
    NO_LOAD_CHECK='TRUE';
    PIN_COUNT='2';
    BODY_NAME='GRM31CR61A107MEA8L';
    JEDEC_TYPE='GRM31x';
  END_BODY;
END_PRIMITIVE;
END.
