FILE_TYPE=LIBRARY_PARTS;
PRIMITIVE 'RCLAMP3521ZATFT','RCLAMP3521ZATFT_Other';
  PIN
    '1':
      PIN_NUMBER='(1)';
      NO_LOAD_CHECK=BOTH;
      NO_IO_CHECK=BOTH;
      ALLOW_CONNECT=TRUE;
      PINUSE='UNSPEC';
    '2':
      PIN_NUMBER='(2)';
      NO_LOAD_CHECK=BOTH;
      NO_IO_CHECK=BOTH;
      ALLOW_CONNECT=TRUE;
      PINUSE='UNSPEC';
  END_PIN;
  BODY
    PART_NAME='RCLAMP3521ZATFT';
    PHYS_DES_PREFIX='D';
    NO_LOAD_CHECK='TRUE';
    PIN_COUNT='2';
    BODY_NAME='RCLAMP3521ZATFT';
    JEDEC_TYPE='RCLAMP3521ZATFT';
  END_BODY;
END_PRIMITIVE;
END.
