FILE_TYPE=LIBRARY_PARTS;
PRIMITIVE 'CL10A106KP8NNNC','CL10A106KP8NNNC_Capacitor Chip Non-polarised';
  PIN
    '1':
      PIN_NUMBER='(1)';
      NO_LOAD_CHECK=BOTH;
      NO_IO_CHECK=BOTH;
      ALLOW_CONNECT=TRUE;
      PINUSE='UNSPEC';
    '2':
      PIN_NUMBER='(2)';
      NO_LOAD_CHECK=BOTH;
      NO_IO_CHECK=BOTH;
      ALLOW_CONNECT=TRUE;
      PINUSE='UNSPEC';
  END_PIN;
  BODY
    PART_NAME='CL10A106KP8NNNC';
    PHYS_DES_PREFIX='C';
    NO_LOAD_CHECK='TRUE';
    PIN_COUNT='2';
    BODY_NAME='CL10A106KP8NNNC';
    JEDEC_TYPE='CAPC1608X90N';
  END_BODY;
END_PRIMITIVE;
END.
